Archive member included to satisfy reference by file (symbol)

arch/arm/cpu/armv8/cpu.o      (--whole-archive)
arch/arm/cpu/armv8/generic_timer.o
                              (--whole-archive)
arch/arm/cpu/armv8/cache_v8.o
                              (--whole-archive)
arch/arm/cpu/armv8/cache.o    (--whole-archive)
arch/arm/cpu/armv8/exceptions.o
                              (--whole-archive)
arch/arm/cpu/armv8/exception_level.o
                              (--whole-archive)
arch/arm/cpu/armv8/tlb.o      (--whole-archive)
arch/arm/cpu/armv8/transition.o
                              (--whole-archive)
arch/arm/cpu/armv8/fwcall.o   (--whole-archive)
arch/arm/cpu/armv8/cpu-dt.o   (--whole-archive)
arch/arm/cpu/armv8/smccc-call.o
                              (--whole-archive)
arch/arm/cpu/armv8/lowlevel_init.o
                              (--whole-archive)
arch/arm/lib/crt0_64.o        (--whole-archive)
arch/arm/lib/setjmp_aarch64.o
                              (--whole-archive)
arch/arm/lib/relocate_64.o    (--whole-archive)
arch/arm/lib/bootm-fdt.o      (--whole-archive)
arch/arm/lib/bootm.o          (--whole-archive)
arch/arm/lib/image.o          (--whole-archive)
arch/arm/lib/bdinfo.o         (--whole-archive)
arch/arm/lib/sections.o       (--whole-archive)
arch/arm/lib/stack.o          (--whole-archive)
arch/arm/lib/interrupts_64.o  (--whole-archive)
arch/arm/lib/reset.o          (--whole-archive)
arch/arm/lib/cache.o          (--whole-archive)
arch/arm/lib/psci-dt.o        (--whole-archive)
arch/arm/mach-sunxi/board.o   (--whole-archive)
arch/arm/mach-sunxi/clock.o   (--whole-archive)
arch/arm/mach-sunxi/cpu_info.o
                              (--whole-archive)
arch/arm/mach-sunxi/dram_helpers.o
                              (--whole-archive)
arch/arm/mach-sunxi/pinmux.o  (--whole-archive)
arch/arm/mach-sunxi/pmic_bus.o
                              (--whole-archive)
arch/arm/mach-sunxi/clock_sun50i_h6.o
                              (--whole-archive)
board/sunxi/board.o           (--whole-archive)
cmd/boot.o                    (--whole-archive)
cmd/bootm.o                   (--whole-archive)
cmd/help.o                    (--whole-archive)
cmd/panic.o                   (--whole-archive)
cmd/version.o                 (--whole-archive)
cmd/blk_common.o              (--whole-archive)
cmd/source.o                  (--whole-archive)
cmd/bdinfo.o                  (--whole-archive)
cmd/blkcache.o                (--whole-archive)
cmd/bootefi.o                 (--whole-archive)
cmd/booti.o                   (--whole-archive)
cmd/console.o                 (--whole-archive)
cmd/dm.o                      (--whole-archive)
cmd/echo.o                    (--whole-archive)
cmd/elf.o                     (--whole-archive)
cmd/exit.o                    (--whole-archive)
cmd/ext4.o                    (--whole-archive)
cmd/ext2.o                    (--whole-archive)
cmd/fat.o                     (--whole-archive)
cmd/fdt.o                     (--whole-archive)
cmd/fs.o                      (--whole-archive)
cmd/gpio.o                    (--whole-archive)
cmd/i2c.o                     (--whole-archive)
cmd/itest.o                   (--whole-archive)
cmd/load.o                    (--whole-archive)
cmd/mem.o                     (--whole-archive)
cmd/sleep.o                   (--whole-archive)
cmd/mmc.o                     (--whole-archive)
cmd/part.o                    (--whole-archive)
cmd/setexpr.o                 (--whole-archive)
cmd/sysboot.o                 (--whole-archive)
cmd/pxe_utils.o               (--whole-archive)
cmd/test.o                    (--whole-archive)
cmd/unlz4.o                   (--whole-archive)
cmd/unzip.o                   (--whole-archive)
cmd/lzmadec.o                 (--whole-archive)
cmd/usb.o                     (--whole-archive)
cmd/disk.o                    (--whole-archive)
cmd/usb_mass_storage.o        (--whole-archive)
cmd/ximg.o                    (--whole-archive)
cmd/gpt.o                     (--whole-archive)
cmd/nvedit.o                  (--whole-archive)
common/init/board_init.o      (--whole-archive)
common/main.o                 (--whole-archive)
common/exports.o              (--whole-archive)
common/cli_hush.o             (--whole-archive)
common/autoboot.o             (--whole-archive)
common/board_f.o              (--whole-archive)
common/board_r.o              (--whole-archive)
common/board_info.o           (--whole-archive)
common/bootm.o                (--whole-archive)
common/bootm_os.o             (--whole-archive)
common/fdt_support.o          (--whole-archive)
common/usb.o                  (--whole-archive)
common/usb_hub.o              (--whole-archive)
common/usb_storage.o          (--whole-archive)
common/splash.o               (--whole-archive)
common/menu.o                 (--whole-archive)
common/usb_kbd.o              (--whole-archive)
common/cli_readline.o         (--whole-archive)
common/cli_simple.o           (--whole-archive)
[...]
Memory Configuration

Name             Origin             Length             Attributes
*default*        0x0000000000000000 0xffffffffffffffff

Linker script and memory map

Address of section .text set to 0x4a000000
                0x0000000000000000                . = 0x0
                0x0000000000000000                . = ALIGN (0x8)

.text           0x000000004a000000      0x248
 *(.__image_copy_start)
 .__image_copy_start
                0x000000004a000000        0x0 arch/arm/lib/sections.o
                0x000000004a000000                __image_copy_start
 arch/arm/cpu/armv8/start.o(.text*)
 .text          0x000000004a000000      0x248 arch/arm/cpu/armv8/start.o
                0x000000004a000000                _start
                0x000000004a0000e8                _TEXT_BASE
                0x000000004a0000f0                _end_ofs
                0x000000004a0000f8                _bss_start_ofs
                0x000000004a000100                _bss_end_ofs
                0x000000004a00010c                save_boot_params_ret
                0x000000004a0001b8                apply_core_errata
                0x000000004a000200                smp_kick_all_cpus
                0x000000004a000204                c_runtime_cpu_setup
                0x000000004a00023c                save_boot_params

.efi_runtime    0x000000004a000248      0xfb0
                0x000000004a000248                __efi_runtime_start = .
 *(.text.efi_runtime*)
 .text.efi_runtime
                0x000000004a000248       0x58 arch/arm/cpu/armv8/smccc-call.o
                0x000000004a000248                __arm_smccc_smc
                0x000000004a000274                __arm_smccc_hvc
 .text.efi_runtime
                0x000000004a0002a0       0x7c drivers/firmware/psci.o
                0x000000004a0002a0                invoke_psci_fn
 .text.efi_runtime
                0x000000004a00031c      0x130 lib/efi_loader/efi_runtime.o
                0x000000004a00031c                efi_reset_system
                0x000000004a000320                efi_get_time
                0x000000004a000328                efi_set_time
                0x000000004a000338                efi_update_capsule_unsupported
                0x000000004a000340                efi_query_capsule_caps_unsupported
                0x000000004a000358                efi_convert_pointer
                0x000000004a0003f8                efi_update_table_header_crc32
                0x000000004a00042c                efi_memcpy_runtime
 .text.efi_runtime_detach
                0x000000004a00044c       0x34 lib/efi_loader/efi_runtime.o
                0x000000004a00044c                efi_runtime_detach
 .text.efi_runtime_relocate
                0x000000004a000480      0x128 lib/efi_loader/efi_runtime.o
                0x000000004a000480                efi_runtime_relocate
 .text.efi_runtime
                0x000000004a0005a8       0x38 lib/efi_loader/efi_var_common.o
                0x000000004a0005a8                efi_get_variable_runtime
                0x000000004a0005dc                efi_get_next_variable_name_runtime
 .text.efi_runtime
                0x000000004a0005e0      0x534 lib/efi_loader/efi_var_mem.o
                0x000000004a000698                efi_var_mem_find
                0x000000004a000798                efi_get_next_variable_name_mem
                0x000000004a000878                efi_get_variable_mem
                0x000000004a000940                efi_var_mem_del
                0x000000004a0009d0                efi_var_mem_ins
                0x000000004a000af8                efi_var_mem_free
 .text.efi_runtime
                0x000000004a000b14       0x18 lib/efi_loader/efi_variable.o
                0x000000004a000b14                efi_query_variable_info_runtime
                0x000000004a000b24                efi_get_variable_int
                0x000000004a000b28                efi_get_next_variable_name_int
 .text.efi_runtime
                0x000000004a000b2c       0x24 lib/charset.o
                0x000000004a000b2c                u16_strnlen
 .text.efi_runtime
                0x000000004a000b50       0xf0 lib/crc32.o
                0x000000004a000b50                crc32_no_comp
                0x000000004a000c24                crc32
 *(.rodata.efi_runtime*)
 .rodata.efi_runtime_relocate.str1.1
                0x000000004a000c40       0x4e lib/efi_loader/efi_runtime.o
 *fill*         0x000000004a000c8e        0x2 
 .rodata.efi_runtime
                0x000000004a000c90      0x400 lib/crc32.o
 *(.data.efi_runtime*)
 .data.efi_runtime
                0x000000004a001090        0x4 drivers/firmware/psci.o
                0x000000004a001090                psci_method
 *fill*         0x000000004a001094        0x4 
 .data.efi_runtime
                0x000000004a001098       0x9e lib/efi_loader/efi_boottime.o
                0x000000004a001098                efi_events
                0x000000004a0010a8                systab
 *fill*         0x000000004a001136        0x2 
 .data.efi_runtime
                0x000000004a001138       0xa0 lib/efi_loader/efi_runtime.o
                0x000000004a001150                efi_runtime_services
 .data.efi_runtime_mmio
                0x000000004a0011d8       0x10 lib/efi_loader/efi_runtime.o
                0x000000004a0011d8                efi_runtime_mmio
 .data.efi_runtime
                0x000000004a0011e8       0x10 lib/efi_loader/efi_var_mem.o
                0x000000004a0011f8                __efi_runtime_stop = .

.text_rest      0x000000004a001800    0x5f308
 *(.text*)
 .text.board_cleanup_before_linux
                0x000000004a001800        0x4 arch/arm/cpu/armv8/cpu.o
                0x000000004a001800                board_cleanup_before_linux
 .text.cleanup_before_linux
                0x000000004a001804       0x2c arch/arm/cpu/armv8/cpu.o
                0x000000004a001804                cleanup_before_linux
 .text.get_tbclk
                0x000000004a001830        0x8 arch/arm/cpu/armv8/generic_timer.o
                0x000000004a001830                get_tbclk
 .text.get_ticks
                0x000000004a001838       0x10 arch/arm/cpu/armv8/generic_timer.o
                0x000000004a001838                get_ticks
 .text.count_required_pts
                0x000000004a001848       0xf8 arch/arm/cpu/armv8/cache_v8.o
 .text.create_table
                0x000000004a001940       0x70 arch/arm/cpu/armv8/cache_v8.o
 .text.split_block
                0x000000004a0019b0       0x90 arch/arm/cpu/armv8/cache_v8.o
 .text.get_tcr  0x000000004a001a40       0xe4 arch/arm/cpu/armv8/cache_v8.o
                0x000000004a001a40                get_tcr
 .text.find_pte
                0x000000004a001b24       0x8c arch/arm/cpu/armv8/cache_v8.o
 .text.get_page_table_size
                0x000000004a001bb0       0x48 arch/arm/cpu/armv8/cache_v8.o
                0x000000004a001bb0                get_page_table_size
 .text.setup_pgtables
                0x000000004a001bf8      0x16c arch/arm/cpu/armv8/cache_v8.o
                0x000000004a001bf8                setup_pgtables
 .text.mmu_setup
                0x000000004a001d64      0x13c arch/arm/cpu/armv8/cache_v8.o
                0x000000004a001d64                mmu_setup
 .text.invalidate_dcache_all
                0x000000004a001ea0       0x14 arch/arm/cpu/armv8/cache_v8.o
                0x000000004a001ea0                invalidate_dcache_all
 .text.flush_dcache_range
                0x000000004a001eb4        0x4 arch/arm/cpu/armv8/cache_v8.o
                0x000000004a001eb4                flush_dcache_range
 .text.dcache_enable
                0x000000004a001eb8      0x110 arch/arm/cpu/armv8/cache_v8.o
                0x000000004a001eb8                dcache_enable
 .text.dcache_disable
                0x000000004a001fc8       0x84 arch/arm/cpu/armv8/cache_v8.o
                0x000000004a001fc8                dcache_disable
 .text.dcache_status
                0x000000004a00204c       0x34 arch/arm/cpu/armv8/cache_v8.o
                0x000000004a00204c                dcache_status
 .text.icache_disable
                0x000000004a002080       0x68 arch/arm/cpu/armv8/cache_v8.o
                0x000000004a002080                icache_disable
 .text.invalidate_icache_all
                0x000000004a0020e8       0x14 arch/arm/cpu/armv8/cache_v8.o
                0x000000004a0020e8                invalidate_icache_all
 .text.icache_enable
                0x000000004a0020fc       0x74 arch/arm/cpu/armv8/cache_v8.o
                0x000000004a0020fc                icache_enable
 .text.enable_caches
                0x000000004a002170       0x14 arch/arm/cpu/armv8/cache_v8.o
                0x000000004a002170                enable_caches
 .text.__asm_dcache_level
                0x000000004a002184       0x64 arch/arm/cpu/armv8/cache.o
                0x000000004a002184                __asm_dcache_level
 .text.__asm_dcache_all
                0x000000004a0021e8       0x60 arch/arm/cpu/armv8/cache.o
                0x000000004a0021e8                __asm_dcache_all
 .text.__asm_flush_dcache_all
                0x000000004a002248        0x8 arch/arm/cpu/armv8/cache.o
                0x000000004a002248                __asm_flush_dcache_all
 .text.__asm_invalidate_dcache_all
                0x000000004a002250        0x8 arch/arm/cpu/armv8/cache.o
                0x000000004a002250                __asm_invalidate_dcache_all
 .text.__asm_flush_dcache_range
                0x000000004a002258       0x34 arch/arm/cpu/armv8/cache.o
                0x000000004a002258                __asm_flush_dcache_range
 .text.__asm_invalidate_icache_all
                0x000000004a00228c        0xc arch/arm/cpu/armv8/cache.o
                0x000000004a00228c                __asm_invalidate_icache_all
 .text.__asm_invalidate_l3_dcache
                0x000000004a002298        0x8 arch/arm/cpu/armv8/cache.o
                0x000000004a002298                __asm_invalidate_l3_dcache
 .text.__asm_flush_l3_dcache
                0x000000004a0022a0        0x8 arch/arm/cpu/armv8/cache.o
                0x000000004a0022a0                __asm_flush_l3_dcache
 .text.__asm_invalidate_l3_icache
                0x000000004a0022a8        0x8 arch/arm/cpu/armv8/cache.o
                0x000000004a0022a8                __asm_invalidate_l3_icache
 *fill*         0x000000004a0022b0      0x550 
 .text          0x000000004a002800      0x390 arch/arm/cpu/armv8/exceptions.o
                0x000000004a002800                vectors
 .text.entry_non_secure
                0x000000004a002b90       0x28 arch/arm/cpu/armv8/exception_level.o
 .text.switch_to_non_secure_mode
                0x000000004a002bb8       0x54 arch/arm/cpu/armv8/exception_level.o
                0x000000004a002bb8                switch_to_non_secure_mode
 .text.__asm_invalidate_tlb_all
                0x000000004a002c0c       0x4c arch/arm/cpu/armv8/tlb.o
                0x000000004a002c0c                __asm_invalidate_tlb_all
 .text.armv8_switch_to_el2
                0x000000004a002c58       0xb8 arch/arm/cpu/armv8/transition.o
                0x000000004a002c58                armv8_switch_to_el2
 .text.armv8_el2_to_aarch32
                0x000000004a002d10        0x4 arch/arm/cpu/armv8/transition.o
                0x000000004a002d10                armv8_el2_to_aarch32
 .text          0x000000004a002d14       0x1c arch/arm/cpu/armv8/lowlevel_init.o
                0x000000004a002d14                lowlevel_init
 .text          0x000000004a002d30       0x80 arch/arm/lib/crt0_64.o
                0x000000004a002d30                _main
 .text.setjmp   0x000000004a002db0       0x28 arch/arm/lib/setjmp_aarch64.o
                0x000000004a002db0                setjmp
 .text.longjmp  0x000000004a002dd8       0x2c arch/arm/lib/setjmp_aarch64.o
                0x000000004a002dd8                longjmp
 .text          0x000000004a002e04       0xd8 arch/arm/lib/relocate_64.o
                0x000000004a002e04                relocate_code
 .text.arch_fixup_fdt
                0x000000004a002edc       0x2c arch/arm/lib/bootm-fdt.o
                0x000000004a002edc                arch_fixup_fdt
 .text.setup_initrd_tag.isra.0
                0x000000004a002f08       0x40 arch/arm/lib/bootm.o
 .text.arch_lmb_reserve
                0x000000004a002f48       0x68 arch/arm/lib/bootm.o
                0x000000004a002f48                arch_lmb_reserve
 .text.board_quiesce_devices
                0x000000004a002fb0        0x4 arch/arm/lib/bootm.o
                0x000000004a002fb0                board_quiesce_devices
 .text.setup_board_tags
                0x000000004a002fb4        0x4 arch/arm/lib/bootm.o
                0x000000004a002fb4                setup_board_tags
 .text.board_prep_linux
                0x000000004a002fb8        0x4 arch/arm/lib/bootm.o
                0x000000004a002fb8                board_prep_linux
 .text.boot_prep_linux
                0x000000004a002fbc      0x1d4 arch/arm/lib/bootm.o
 .text.update_os_arch_secondary_cores
                0x000000004a003190        0x4 arch/arm/lib/bootm.o
                0x000000004a003190                update_os_arch_secondary_cores
 .text.boot_jump_linux
                0x000000004a003194       0xb8 arch/arm/lib/bootm.o
 .text.do_bootm_linux
                0x000000004a00324c       0x7c arch/arm/lib/bootm.o
                0x000000004a00324c                do_bootm_linux
 .text.boot_prep_vxworks
                0x000000004a0032c8       0x50 arch/arm/lib/bootm.o
                0x000000004a0032c8                boot_prep_vxworks
 .text.boot_jump_vxworks
                0x000000004a003318       0x10 arch/arm/lib/bootm.o
                0x000000004a003318                boot_jump_vxworks
 .text.booti_setup
                0x000000004a003328       0xb8 arch/arm/lib/image.o
                0x000000004a003328                booti_setup
 .text.arch_print_bdinfo
                0x000000004a0033e0       0x64 arch/arm/lib/bdinfo.o
                0x000000004a0033e0                arch_print_bdinfo
 .text.arch_reserve_stacks
                0x000000004a003444       0x10 arch/arm/lib/stack.o
                0x000000004a003444                arch_reserve_stacks
 .text.interrupt_init
                0x000000004a003454        0x8 arch/arm/lib/interrupts_64.o
                0x000000004a003454                interrupt_init
 .text.enable_interrupts
                0x000000004a00345c        0x4 arch/arm/lib/interrupts_64.o
                0x000000004a00345c                enable_interrupts
 .text.disable_interrupts
                0x000000004a003460        0x8 arch/arm/lib/interrupts_64.o
                0x000000004a003460                disable_interrupts
 .text.show_regs
                0x000000004a003468      0x108 arch/arm/lib/interrupts_64.o
                0x000000004a003468                show_regs
 .text.do_bad_sync
                0x000000004a003570       0x44 arch/arm/lib/interrupts_64.o
                0x000000004a003570                do_bad_sync
 .text.do_bad_irq
                0x000000004a0035b4       0x44 arch/arm/lib/interrupts_64.o
                0x000000004a0035b4                do_bad_irq
 .text.do_bad_fiq
                0x000000004a0035f8       0x44 arch/arm/lib/interrupts_64.o
                0x000000004a0035f8                do_bad_fiq
 .text.do_bad_error
                0x000000004a00363c       0x44 arch/arm/lib/interrupts_64.o
                0x000000004a00363c                do_bad_error
 .text.do_sync  0x000000004a003680       0x44 arch/arm/lib/interrupts_64.o
                0x000000004a003680                do_sync
 .text.do_irq   0x000000004a0036c4       0x44 arch/arm/lib/interrupts_64.o
                0x000000004a0036c4                do_irq
 .text.do_fiq   0x000000004a003708       0x44 arch/arm/lib/interrupts_64.o
                0x000000004a003708                do_fiq
 .text.do_error
                0x000000004a00374c       0x44 arch/arm/lib/interrupts_64.o
                0x000000004a00374c                do_error
 .text.reset_misc
                0x000000004a003790        0x4 arch/arm/lib/reset.o
                0x000000004a003790                reset_misc
 .text.do_reset
                0x000000004a003794       0x34 arch/arm/lib/reset.o
                0x000000004a003794                do_reset
 .text.flush_cache
                0x000000004a0037c8        0x8 arch/arm/lib/cache.o
                0x000000004a0037c8                flush_cache
 .text.arm_reserve_mmu
                0x000000004a0037d0       0x4c arch/arm/lib/cache.o
                0x000000004a0037d0                arm_reserve_mmu
 .text.arch_reserve_mmu
                0x000000004a00381c        0x4 arch/arm/lib/cache.o
                0x000000004a00381c                arch_reserve_mmu
 .text.board_get_usable_ram_top
                0x000000004a003820       0x18 arch/arm/mach-sunxi/board.o
                0x000000004a003820                board_get_usable_ram_top
 .text.s_init   0x000000004a003838       0x7c arch/arm/mach-sunxi/board.o
                0x000000004a003838                s_init
 .text.sunxi_get_boot_device
                0x000000004a0038b4       0xb0 arch/arm/mach-sunxi/board.o
                0x000000004a0038b4                sunxi_get_boot_device
 .text.reset_cpu
                0x000000004a003964       0x2c arch/arm/mach-sunxi/board.o
                0x000000004a003964                reset_cpu
 .text.clock_init_sec
                0x000000004a003990        0x4 arch/arm/mach-sunxi/clock.o
                0x000000004a003990                clock_init_sec
 .text.clock_init
                0x000000004a003994       0x1c arch/arm/mach-sunxi/clock.o
                0x000000004a003994                clock_init
 .text.print_cpuinfo
                0x000000004a0039b0       0x20 arch/arm/mach-sunxi/cpu_info.o
                0x000000004a0039b0                print_cpuinfo
 .text.sunxi_get_sid
                0x000000004a0039d0       0x58 arch/arm/mach-sunxi/cpu_info.o
                0x000000004a0039d0                sunxi_get_sid
 .text.sunxi_gpio_set_cfgbank
                0x000000004a003a28       0x2c arch/arm/mach-sunxi/pinmux.o
                0x000000004a003a28                sunxi_gpio_set_cfgbank
 .text.sunxi_gpio_set_cfgpin
                0x000000004a003a54       0x38 arch/arm/mach-sunxi/pinmux.o
                0x000000004a003a54                sunxi_gpio_set_cfgpin
 .text.sunxi_gpio_get_cfgbank
                0x000000004a003a8c       0x20 arch/arm/mach-sunxi/pinmux.o
                0x000000004a003a8c                sunxi_gpio_get_cfgbank
 .text.sunxi_gpio_set_drv
                0x000000004a003aac       0x60 arch/arm/mach-sunxi/pinmux.o
                0x000000004a003aac                sunxi_gpio_set_drv
 .text.sunxi_gpio_set_pull
                0x000000004a003b0c       0x60 arch/arm/mach-sunxi/pinmux.o
                0x000000004a003b0c                sunxi_gpio_set_pull
 .text.clock_init_uart
                0x000000004a003b6c       0x2c arch/arm/mach-sunxi/clock_sun50i_h6.o
                0x000000004a003b6c                clock_init_uart
 .text.clock_get_pll6
                0x000000004a003b98       0x3c arch/arm/mach-sunxi/clock_sun50i_h6.o
                0x000000004a003b98                clock_get_pll6
 .text.clock_twi_onoff
                0x000000004a003bd4       0x4c arch/arm/mach-sunxi/clock_sun50i_h6.o
                0x000000004a003bd4                clock_twi_onoff
 .text.get_spl_header
                0x000000004a003c20       0x70 board/sunxi/board.o
 .text.get_spl_dt_name
                0x000000004a003c90       0x38 board/sunxi/board.o
 .text.mmc_pinmux_setup.part.0
                0x000000004a003cc8       0x8c board/sunxi/board.o
 .text.setup_environment
                0x000000004a003d54      0x14c board/sunxi/board.o
 .text.i2c_init_board
                0x000000004a003ea0       0x30 board/sunxi/board.o
                0x000000004a003ea0                i2c_init_board
 .text.board_init
                0x000000004a003ed0       0x7c board/sunxi/board.o
                0x000000004a003ed0                board_init
 .text.dram_init
                0x000000004a003f4c       0x5c board/sunxi/board.o
                0x000000004a003f4c                dram_init
 .text.mmc_get_env_dev
                0x000000004a003fa8       0x1c board/sunxi/board.o
                0x000000004a003fa8                mmc_get_env_dev
 .text.g_dnl_board_usb_cable_connected
                0x000000004a003fc4       0xb0 board/sunxi/board.o
                0x000000004a003fc4                g_dnl_board_usb_cable_connected
 .text.get_board_serial
                0x000000004a004074       0x48 board/sunxi/board.o
                0x000000004a004074                get_board_serial
 .text.misc_init_r
                0x000000004a0040bc      0x140 board/sunxi/board.o
                0x000000004a0040bc                misc_init_r
 .text.board_late_init
                0x000000004a0041fc        0x8 board/sunxi/board.o
                0x000000004a0041fc                board_late_init
 .text.ft_board_setup
                0x000000004a004204       0x2c board/sunxi/board.o
                0x000000004a004204                ft_board_setup
 .text.do_go_exec
                0x000000004a004230       0x10 cmd/boot.o
                0x000000004a004230                do_go_exec
 .text.do_go    0x000000004a004240       0x84 cmd/boot.o
 .text.do_bootm
                0x000000004a0042c4      0x100 cmd/bootm.o
                0x000000004a0042c4                do_bootm
 .text.do_bootd
                0x000000004a0043c4       0x2c cmd/bootm.o
                0x000000004a0043c4                do_bootd
 .text.image_info
                0x000000004a0043f0      0x130 cmd/bootm.o
 .text.do_iminfo
                0x000000004a004520       0x78 cmd/bootm.o
 .text.bootm_maybe_autostart
                0x000000004a004598       0x74 cmd/bootm.o
                0x000000004a004598                bootm_maybe_autostart
 .text.do_help  0x000000004a00460c       0x44 cmd/help.o
 .text.do_panic
                0x000000004a004650       0x24 cmd/panic.o
 .text.do_version
                0x000000004a004674       0x40 cmd/version.o
 .text.blk_common_cmd
                0x000000004a0046b4      0x310 cmd/blk_common.o
                0x000000004a0046b4                blk_common_cmd
 .text.image_source_script
                0x000000004a0049c4      0x208 cmd/source.o
                0x000000004a0049c4                image_source_script
 .text.do_source
                0x000000004a004bcc       0x74 cmd/source.o
 .text.bdinfo_print_num_l
                0x000000004a004c40       0x18 cmd/bdinfo.o
                0x000000004a004c40                bdinfo_print_num_l
 .text.bdinfo_print_num_ll
                0x000000004a004c58       0x18 cmd/bdinfo.o
                0x000000004a004c58                bdinfo_print_num_ll
 .text.do_bdinfo
                0x000000004a004c70      0x134 cmd/bdinfo.o
                0x000000004a004c70                do_bdinfo
 .text.do_blkcache
                0x000000004a004da4       0x84 cmd/blkcache.o
 .text.blkc_configure
                0x000000004a004e28       0x78 cmd/blkcache.o
 .text.blkc_show
                0x000000004a004ea0       0x34 cmd/blkcache.o
 .text.efi_clear_bootdev
                0x000000004a004ed4       0x48 cmd/bootefi.o
 .text.do_bootefi_exec
                0x000000004a004f1c       0x88 cmd/bootefi.o
 .text.efi_set_bootdev
                0x000000004a004fa4      0x100 cmd/bootefi.o
                0x000000004a004fa4                efi_set_bootdev
 .text.efi_install_fdt
                0x000000004a0050a4      0x27c cmd/bootefi.o
                0x000000004a0050a4                efi_install_fdt
 .text.efi_run_image
                0x000000004a005320      0x194 cmd/bootefi.o
                0x000000004a005320                efi_run_image
 .text.do_bootefi
                0x000000004a0054b4      0x118 cmd/bootefi.o
 .text.do_booti
                0x000000004a0055cc      0x204 cmd/booti.o
                0x000000004a0055cc                do_booti
 .text.do_coninfo
                0x000000004a0057d0       0xdc cmd/console.o
 .text.do_dm_dump_devres
                0x000000004a0058ac        0x8 cmd/dm.o
 .text.do_dm    0x000000004a0058b4       0x94 cmd/dm.o
 .text.do_dm_dump_static_driver_info
                0x000000004a005948       0x18 cmd/dm.o
 .text.do_dm_dump_driver_compat
                0x000000004a005960       0x18 cmd/dm.o
 .text.do_dm_dump_drivers
                0x000000004a005978       0x18 cmd/dm.o
 .text.do_dm_dump_uclass
                0x000000004a005990       0x18 cmd/dm.o
 .text.do_dm_dump_all
                0x000000004a0059a8       0x18 cmd/dm.o
 .text.do_echo  0x000000004a0059c0       0x94 cmd/echo.o
 .text.do_bootelf
                0x000000004a005a54      0x154 cmd/elf.o
                0x000000004a005a54                do_bootelf
 .text.do_bootvx
                0x000000004a005ba8      0x2e8 cmd/elf.o
                0x000000004a005ba8                do_bootvx
 .text.do_exit  0x000000004a005e90       0x2c cmd/exit.o
 .text.do_ext4_size
                0x000000004a005ebc        0x8 cmd/ext4.o
                0x000000004a005ebc                do_ext4_size
 .text.do_ext4_load
                0x000000004a005ec4        0x8 cmd/ext4.o
                0x000000004a005ec4                do_ext4_load
 .text.do_ext4_ls
                0x000000004a005ecc        0x8 cmd/ext4.o
                0x000000004a005ecc                do_ext4_ls
 .text.do_ext2load
                0x000000004a005ed4        0x8 cmd/ext2.o
                0x000000004a005ed4                do_ext2load
 .text.do_ext2ls
                0x000000004a005edc        0x8 cmd/ext2.o
 .text.do_fat_size
                0x000000004a005ee4        0x8 cmd/fat.o
                0x000000004a005ee4                do_fat_size
 .text.do_fat_fsload
                0x000000004a005eec        0x8 cmd/fat.o
                0x000000004a005eec                do_fat_fsload
 .text.do_fat_ls
                0x000000004a005ef4        0x8 cmd/fat.o
 .text.do_fat_fsinfo
                0x000000004a005efc       0x94 cmd/fat.o
 .text.do_fat_fswrite
                0x000000004a005f90        0x8 cmd/fat.o
 .text.do_fat_rm
                0x000000004a005f98        0x8 cmd/fat.o
 .text.do_fat_mkdir
                0x000000004a005fa0        0x8 cmd/fat.o
 .text.is_printable_string
                0x000000004a005fa8       0x84 cmd/fdt.o
 .text.print_data.part.0
                0x000000004a00602c      0x1e4 cmd/fdt.o
 .text.set_working_fdt_addr
                0x000000004a006210       0x18 cmd/fdt.o
                0x000000004a006210                set_working_fdt_addr
 .text.do_fdt   0x000000004a006228     0x1010 cmd/fdt.o
 .text.do_size_wrapper
                0x000000004a007238        0x8 cmd/fs.o
 .text.do_load_wrapper
                0x000000004a007240        0x8 cmd/fs.o
 .text.do_save_wrapper
                0x000000004a007248        0x8 cmd/fs.o
 .text.do_ls_wrapper
                0x000000004a007250        0x8 cmd/fs.o
 .text.do_ln_wrapper
                0x000000004a007258        0x8 cmd/fs.o
 .text.do_fstype_wrapper
                0x000000004a007260        0x4 cmd/fs.o
 .text.do_fstypes_wrapper
                0x000000004a007264        0x4 cmd/fs.o
 .text.gpio_get_description
                0x000000004a007268       0xdc cmd/gpio.o
 .text.do_gpio  0x000000004a007344      0x388 cmd/gpio.o
 .text.do_i2c   0x000000004a0076cc       0x84 cmd/i2c.o
 .text.do_i2c_bus_speed
                0x000000004a007750       0x84 cmd/i2c.o
 .text.do_i2c_reset
                0x000000004a0077d4       0x3c cmd/i2c.o
 .text.do_i2c_probe
                0x000000004a007810       0xa4 cmd/i2c.o
 .text.do_i2c_bus_num
                0x000000004a0078b4       0xcc cmd/i2c.o
 .text.do_i2c_show_bus
                0x000000004a007980      0x100 cmd/i2c.o
 .text.get_alen.constprop.0
                0x000000004a007a80       0x38 cmd/i2c.o
 .text.do_i2c_crc
                0x000000004a007ab8      0x134 cmd/i2c.o
 .text.mod_i2c_mem.isra.0.part.0
                0x000000004a007bec      0x218 cmd/i2c.o
 .text.do_i2c_nm
                0x000000004a007e04       0x1c cmd/i2c.o
 .text.do_i2c_md
                0x000000004a007e20      0x1fc cmd/i2c.o
 .text.do_i2c_read
                0x000000004a00801c       0xcc cmd/i2c.o
 .text.do_i2c_mw
                0x000000004a0080e8      0x10c cmd/i2c.o
 .text.do_i2c_write
                0x000000004a0081f4      0x174 cmd/i2c.o
 .text.do_i2c_loop
                0x000000004a008368      0x104 cmd/i2c.o
 .text.do_i2c_mm
                0x000000004a00846c       0x1c cmd/i2c.o
 .text.evalexp  0x000000004a008488       0xa0 cmd/itest.o
 .text.evalstr  0x000000004a008528       0x58 cmd/itest.o
 .text.binary_test
                0x000000004a008580      0x198 cmd/itest.o
 .text.do_itest
                0x000000004a008718       0x8c cmd/itest.o
 .text.bin_data_init
                0x000000004a0087a4       0x1c cmd/load.o
 .text.k_data_save
                0x000000004a0087c0       0x34 cmd/load.o
 .text.k_data_restore
                0x000000004a0087f4       0x34 cmd/load.o
 .text.getcxmodem
                0x000000004a008828       0x24 cmd/load.o
 .text.load_serial_ymodem
                0x000000004a00884c      0x110 cmd/load.o
 .text.bin_data_char
                0x000000004a00895c       0x28 cmd/load.o
 .text.chk1.constprop.0
                0x000000004a008984       0x34 cmd/load.o
 .text.s1_sendpacket.constprop.0
                0x000000004a0089b8       0x5c cmd/load.o
 .text.load_serial
                0x000000004a008a14      0x1d4 cmd/load.o
 .text.do_load_serial
                0x000000004a008be8       0xe0 cmd/load.o
 .text.do_load_serial_bin
                0x000000004a008cc8      0x790 cmd/load.o
 .text.do_mem_md
                0x000000004a009458       0xec cmd/mem.o
 .text.do_mem_base
                0x000000004a009544       0x48 cmd/mem.o
 .text.do_mem_crc
                0x000000004a00958c       0x30 cmd/mem.o
 .text.do_random
                0x000000004a0095bc       0xfc cmd/mem.o
 .text.do_mem_loop
                0x000000004a0096b8      0x120 cmd/mem.o
 .text.do_mem_cmp
                0x000000004a0097d8      0x198 cmd/mem.o
 .text.mod_mem.isra.0.part.0
                0x000000004a009970      0x1b0 cmd/mem.o
 .text.do_mem_mm
                0x000000004a009b20       0x1c cmd/mem.o
 .text.do_mem_mw
                0x000000004a009b3c      0x100 cmd/mem.o
 .text.do_mem_cp
                0x000000004a009c3c       0xb4 cmd/mem.o
 .text.do_mem_nm
                0x000000004a009cf0       0x1c cmd/mem.o
 .text.do_sleep
                0x000000004a009d0c       0xec cmd/sleep.o
 .text.do_mmcops
                0x000000004a009df8       0xe8 cmd/mmc.o
 .text.do_mmc_list
                0x000000004a009ee0       0x1c cmd/mmc.o
 .text.print_mmcinfo
                0x000000004a009efc      0x414 cmd/mmc.o
 .text.do_mmc_setdsr
                0x000000004a00a310       0xb8 cmd/mmc.o
 .text.__init_mmc_device.isra.0
                0x000000004a00a3c8       0x84 cmd/mmc.o
 .text.do_mmc_hwpartition
                0x000000004a00a44c      0x4dc cmd/mmc.o
 .text.do_mmc_rescan
                0x000000004a00a928       0x54 cmd/mmc.o
 .text.do_mmc_dev
                0x000000004a00a97c      0x1a0 cmd/mmc.o
 .text.do_mmc_boot_wp
                0x000000004a00ab1c       0x68 cmd/mmc.o
 .text.do_mmcinfo
                0x000000004a00ab84       0x60 cmd/mmc.o
 .text.do_mmc_part
                0x000000004a00abe4       0x64 cmd/mmc.o
 .text.do_mmc_erase
                0x000000004a00ac48       0xfc cmd/mmc.o
 .text.do_mmc_write
                0x000000004a00ad44      0x118 cmd/mmc.o
 .text.do_mmc_read
                0x000000004a00ae5c       0xf0 cmd/mmc.o
 .text.do_part_list
                0x000000004a00af4c      0x18c cmd/part.o
 .text.do_part_info
                0x000000004a00b0d8      0x138 cmd/part.o
 .text.do_part  0x000000004a00b210      0x1f8 cmd/part.o
 .text.get_arg  0x000000004a00b408       0xfc cmd/setexpr.o
 .text.substitute
                0x000000004a00b504      0x118 cmd/setexpr.o
 .text.setexpr_regex_sub
                0x000000004a00b61c      0x234 cmd/setexpr.o
                0x000000004a00b61c                setexpr_regex_sub
 .text.regex_sub_var.part.0
                0x000000004a00b850      0x100 cmd/setexpr.o
 .text.regex_sub_var
                0x000000004a00b950       0x8c cmd/setexpr.o
 .text.do_setexpr
                0x000000004a00b9dc      0x298 cmd/setexpr.o
 .text.do_sysboot
                0x000000004a00bc74      0x1fc cmd/sysboot.o
 .text.do_get_any
                0x000000004a00be70       0x44 cmd/sysboot.o
 .text.do_get_fat
                0x000000004a00beb4       0x40 cmd/sysboot.o
 .text.do_get_ext2
                0x000000004a00bef4       0x40 cmd/sysboot.o
 .text.eol_or_eof
                0x000000004a00bf34       0x24 cmd/pxe_utils.o
 .text.label_print
                0x000000004a00bf58       0x1c cmd/pxe_utils.o
 .text.label_destroy
                0x000000004a00bf74       0x80 cmd/pxe_utils.o
 .text.get_string
                0x000000004a00bff4       0xe0 cmd/pxe_utils.o
 .text.get_token
                0x000000004a00c0d4      0x12c cmd/pxe_utils.o
 .text.parse_sliteral
                0x000000004a00c200       0x6c cmd/pxe_utils.o
 .text.parse_integer
                0x000000004a00c26c       0x84 cmd/pxe_utils.o
 .text.get_relfile
                0x000000004a00c2f0      0x140 cmd/pxe_utils.o
 .text.get_relfile_envaddr
                0x000000004a00c430       0x5c cmd/pxe_utils.o
 .text.label_boot
                0x000000004a00c48c      0x774 cmd/pxe_utils.o
 .text.get_pxe_file
                0x000000004a00cc00       0x60 cmd/pxe_utils.o
                0x000000004a00cc00                get_pxe_file
 .text.handle_include
                0x000000004a00cc60       0xc4 cmd/pxe_utils.o
 .text.parse_pxefile_top
                0x000000004a00cd24      0x45c cmd/pxe_utils.o
 .text.destroy_pxe_menu
                0x000000004a00d180       0x68 cmd/pxe_utils.o
                0x000000004a00d180                destroy_pxe_menu
 .text.parse_pxefile
                0x000000004a00d1e8       0x7c cmd/pxe_utils.o
                0x000000004a00d1e8                parse_pxefile
 .text.handle_pxe_menu
                0x000000004a00d264      0x180 cmd/pxe_utils.o
                0x000000004a00d264                handle_pxe_menu
 .text.do_false
                0x000000004a00d3e4        0x8 cmd/test.o
 .text.do_true  0x000000004a00d3ec        0x8 cmd/test.o
 .text.do_test  0x000000004a00d3f4      0x35c cmd/test.o
 .text.do_unlz4
                0x000000004a00d750       0xc0 cmd/unlz4.o
 .text.do_unzip
                0x000000004a00d810       0xb0 cmd/unzip.o
 .text.do_gzwrite
                0x000000004a00d8c0      0x10c cmd/unzip.o
 .text.do_lzmadec
                0x000000004a00d9cc       0xb0 cmd/lzmadec.o
 .text.usb_get_class_desc
                0x000000004a00da7c       0xac cmd/usb.o
 .text.usb_display_class_sub
                0x000000004a00db28      0x18c cmd/usb.o
 .text.usb_display_desc
                0x000000004a00dcb4      0x14c cmd/usb.o
 .text.usb_show_tree_graph
                0x000000004a00de00      0x230 cmd/usb.o
 .text.usb_show_subtree
                0x000000004a00e030       0x38 cmd/usb.o
 .text.usb_for_each_root_dev
                0x000000004a00e068       0x68 cmd/usb.o
 .text.usb_display_string
                0x000000004a00e0d0       0x4c cmd/usb.o
 .text.usb_display_config
                0x000000004a00e11c      0x254 cmd/usb.o
 .text.usb_show_info
                0x000000004a00e370       0x78 cmd/usb.o
 .text.usb_find_device
                0x000000004a00e3e8       0xb0 cmd/usb.o
 .text.do_usbboot
                0x000000004a00e498        0xc cmd/usb.o
 .text.do_usb_start
                0x000000004a00e4a4       0x28 cmd/usb.o
 .text.usb_show_tree
                0x000000004a00e4cc        0xc cmd/usb.o
                0x000000004a00e4cc                usb_show_tree
 .text.do_usb   0x000000004a00e4d8      0x3e0 cmd/usb.o
 .text.common_diskboot
                0x000000004a00e8b8      0x208 cmd/disk.o
                0x000000004a00e8b8                common_diskboot
 .text.ums_fini
                0x000000004a00eac0       0x70 cmd/usb_mass_storage.o
 .text.ums_write_sector
                0x000000004a00eb30       0x20 cmd/usb_mass_storage.o
 .text.ums_read_sector
                0x000000004a00eb50       0x20 cmd/usb_mass_storage.o
 .text.do_usb_mass_storage
                0x000000004a00eb70      0x34c cmd/usb_mass_storage.o
 .text.do_imgextract
                0x000000004a00eebc      0x3b4 cmd/ximg.o
 .text.extract_val
                0x000000004a00f270       0xa0 cmd/gpt.o
 .text.extract_env
                0x000000004a00f310       0xf8 cmd/gpt.o
 .text.gpt_enumerate
                0x000000004a00f408      0x148 cmd/gpt.o
 .text.set_gpt_info.isra.0.constprop.0
                0x000000004a00f550      0x46c cmd/gpt.o
 .text.do_gpt   0x000000004a00f9bc      0x418 cmd/gpt.o
 .text.do_env_delete
                0x000000004a00fdd4       0xc4 cmd/nvedit.o
 .text.do_env_save
                0x000000004a00fe98       0x1c cmd/nvedit.o
 .text.do_env   0x000000004a00feb4       0x84 cmd/nvedit.o
 .text.env_print
                0x000000004a00ff38       0xc4 cmd/nvedit.o
 .text.do_env_print
                0x000000004a00fffc       0xe0 cmd/nvedit.o
 .text.do_env_import
                0x000000004a0100dc      0x2a0 cmd/nvedit.o
 .text.do_env_default
                0x000000004a01037c       0x98 cmd/nvedit.o
 .text.do_env_exists
                0x000000004a010414       0x60 cmd/nvedit.o
 .text._do_env_set.isra.0
                0x000000004a010474      0x1bc cmd/nvedit.o
 .text.do_env_set
                0x000000004a010630       0x20 cmd/nvedit.o
 .text.env_set  0x000000004a010650       0x58 cmd/nvedit.o
                0x000000004a010650                env_set
 .text.env_set_ulong
                0x000000004a0106a8       0x2c cmd/nvedit.o
                0x000000004a0106a8                env_set_ulong
 .text.env_set_hex
                0x000000004a0106d4       0x3c cmd/nvedit.o
                0x000000004a0106d4                env_set_hex
 .text.do_env_export
                0x000000004a010710      0x214 cmd/nvedit.o
 .text.env_match
                0x000000004a010924       0x7c cmd/nvedit.o
                0x000000004a010924                env_match
 .text.env_get_f
                0x000000004a0109a0      0x100 cmd/nvedit.o
                0x000000004a0109a0                env_get_f
 .text.env_get  0x000000004a010aa0       0x70 cmd/nvedit.o
                0x000000004a010aa0                env_get
 .text.env_get_hex
                0x000000004a010b10       0x40 cmd/nvedit.o
                0x000000004a010b10                env_get_hex
 .text.eth_env_get_enetaddr
                0x000000004a010b50       0x68 cmd/nvedit.o
                0x000000004a010b50                eth_env_get_enetaddr
 .text.eth_env_set_enetaddr
                0x000000004a010bb8       0x54 cmd/nvedit.o
                0x000000004a010bb8                eth_env_set_enetaddr
 .text.from_env
                0x000000004a010c0c       0x3c cmd/nvedit.o
                0x000000004a010c0c                from_env
 .text.env_get_ulong
                0x000000004a010c48       0x40 cmd/nvedit.o
                0x000000004a010c48                env_get_ulong
 .text.do_env_edit.part.0
                0x000000004a010c88       0xb4 cmd/nvedit.o
 .text.do_env_edit
                0x000000004a010d3c       0x28 cmd/nvedit.o
 .text.board_init_f_alloc_reserve
                0x000000004a010d64       0x10 common/init/board_init.o
                0x000000004a010d64                board_init_f_alloc_reserve
 .text.board_init_f_init_reserve
                0x000000004a010d74       0x30 common/init/board_init.o
                0x000000004a010d74                board_init_f_init_reserve
 .text.main_loop
                0x000000004a010da4       0x60 common/main.o
                0x000000004a010da4                main_loop
 .text.mdelay   0x000000004a010e04        0xc common/exports.o
 .text.dummy    0x000000004a010e10        0x4 common/exports.o
 .text.get_version
                0x000000004a010e14        0x8 common/exports.o
                0x000000004a010e14                get_version
 .text.jumptable_init
                0x000000004a010e1c      0x1fc common/exports.o
                0x000000004a010e1c                jumptable_init
 .text.b_reset  0x000000004a011018       0x18 common/cli_hush.o
 .text.static_get
                0x000000004a011030       0x1c common/cli_hush.o
 .text.static_peek
                0x000000004a01104c        0xc common/cli_hush.o
 .text.mapset   0x000000004a011058       0x20 common/cli_hush.o
 .text.free_pipe_list
                0x000000004a011078       0xf0 common/cli_hush.o
 .text.syntax_err
                0x000000004a011168        0xc common/cli_hush.o
 .text.xmalloc  0x000000004a011174       0x28 common/cli_hush.o
 .text.new_pipe
                0x000000004a01119c       0x24 common/cli_hush.o
 .text.xrealloc
                0x000000004a0111c0       0x28 common/cli_hush.o
 .text.done_command
                0x000000004a0111e8       0x94 common/cli_hush.o
 .text.done_pipe
                0x000000004a01127c       0x58 common/cli_hush.o
 .text.done_word
                0x000000004a0112d4      0x2a0 common/cli_hush.o
 .text.is_assignment
                0x000000004a011574       0x50 common/cli_hush.o
 .text.file_get
                0x000000004a0115c4      0x1e4 common/cli_hush.o
 .text.do_showvar
                0x000000004a0117a8      0x10c common/cli_hush.o
 .text.b_addchr
                0x000000004a0118b4       0x94 common/cli_hush.o
 .text.b_addqchr
                0x000000004a011948       0x58 common/cli_hush.o
 .text.file_peek
                0x000000004a0119a0        0xc common/cli_hush.o
 .text.get_local_var
                0x000000004a0119ac       0x9c common/cli_hush.o
                0x000000004a0119ac                get_local_var
 .text.set_local_var
                0x000000004a011a48      0x188 common/cli_hush.o
                0x000000004a011a48                set_local_var
 .text.insert_var_value_sub
                0x000000004a011bd0      0x2b8 common/cli_hush.o
 .text.parse_string_outer
                0x000000004a011e88       0xe4 common/cli_hush.o
                0x000000004a011e88                parse_string_outer
 .text.run_list_real
                0x000000004a011f6c      0x72c common/cli_hush.o
 .text.parse_stream_outer
                0x000000004a012698      0x670 common/cli_hush.o
 .text.parse_file_outer
                0x000000004a012d08       0x40 common/cli_hush.o
                0x000000004a012d08                parse_file_outer
 .text.u_boot_hush_start
                0x000000004a012d48       0x58 common/cli_hush.o
                0x000000004a012d48                u_boot_hush_start
 .text.bootdelay_process
                0x000000004a012da0       0xd4 common/autoboot.o
                0x000000004a012da0                bootdelay_process
 .text.autoboot_command
                0x000000004a012e74      0x120 common/autoboot.o
                0x000000004a012e74                autoboot_command
 .text.log_init
                0x000000004a012f94        0x8 common/board_f.o
 .text.display_text_info
                0x000000004a012f9c        0x8 common/board_f.o
 .text.setup_mon_len
                0x000000004a012fa4       0x20 common/board_f.o
 .text.reserve_round_4k
                0x000000004a012fc4       0x14 common/board_f.o
 .text.reserve_uboot
                0x000000004a012fd8       0x38 common/board_f.o
 .text.checkcpu
                0x000000004a013010        0x8 common/board_f.o
                0x000000004a013010                checkcpu
 .text.dram_init_banksize
                0x000000004a013018       0x34 common/board_f.o
                0x000000004a013018                dram_init_banksize
 .text.setup_reloc
                0x000000004a01304c       0x48 common/board_f.o
 .text.reloc_fdt
                0x000000004a013094       0x4c common/board_f.o
 .text.reserve_board
                0x000000004a0130e0       0x4c common/board_f.o
 .text.announce_dram_init
                0x000000004a01312c       0x20 common/board_f.o
 .text.init_func_i2c
                0x000000004a01314c       0x30 common/board_f.o
 .text.init_baud_rate
                0x000000004a01317c       0x30 common/board_f.o
 .text.initf_dm
                0x000000004a0131ac        0x8 common/board_f.o
 .text.clear_bss
                0x000000004a0131b4        0x8 common/board_f.o
                0x000000004a0131b4                clear_bss
 .text.setup_spl_handoff
                0x000000004a0131bc        0x8 common/board_f.o
 .text.arch_cpu_init
                0x000000004a0131c4        0x8 common/board_f.o
                0x000000004a0131c4                arch_cpu_init
 .text.mach_cpu_init
                0x000000004a0131cc        0x8 common/board_f.o
                0x000000004a0131cc                mach_cpu_init
 .text.reserve_video
                0x000000004a0131d4        0x8 common/board_f.o
 .text.reserve_trace
                0x000000004a0131dc        0x8 common/board_f.o
 .text.reserve_bootstage
                0x000000004a0131e4        0x8 common/board_f.o
 .text.reserve_bloblist
                0x000000004a0131ec        0x8 common/board_f.o
 .text.display_new_sp
                0x000000004a0131f4        0x8 common/board_f.o
 .text.reloc_bootstage
                0x000000004a0131fc        0x8 common/board_f.o
 .text.reloc_bloblist
                0x000000004a013204        0x8 common/board_f.o
 .text.initf_bootstage
                0x000000004a01320c        0x8 common/board_f.o
 .text.reserve_arch
                0x000000004a013214        0x8 common/board_f.o
                0x000000004a013214                reserve_arch
 .text.arch_cpu_init_dm
                0x000000004a01321c        0x8 common/board_f.o
                0x000000004a01321c                arch_cpu_init_dm
 .text.reserve_malloc
                0x000000004a013224       0x20 common/board_f.o
 .text.reserve_global_data
                0x000000004a013244       0x20 common/board_f.o
 .text.reserve_fdt
                0x000000004a013264       0x48 common/board_f.o
 .text.board_add_ram_info
                0x000000004a0132ac        0x4 common/board_f.o
                0x000000004a0132ac                board_add_ram_info
 .text.show_dram_config
                0x000000004a0132b0       0x38 common/board_f.o
 .text.setup_dest_addr
                0x000000004a0132e8       0x4c common/board_f.o
 .text.reserve_stacks
                0x000000004a013334       0x14 common/board_f.o
 .text.arch_setup_bdinfo
                0x000000004a013348        0x8 common/board_f.o
                0x000000004a013348                arch_setup_bdinfo
 .text.setup_bdinfo
                0x000000004a013350        0xc common/board_f.o
                0x000000004a013350                setup_bdinfo
 .text.board_init_f
                0x000000004a01335c       0x7c common/board_f.o
                0x000000004a01335c                board_init_f
 .text.log_init
                0x000000004a0133d8        0x8 common/board_r.o
 .text.cpu_secondary_init_r
                0x000000004a0133e0        0x8 common/board_r.o
                0x000000004a0133e0                cpu_secondary_init_r
 .text.initr_trace
                0x000000004a0133e8        0x8 common/board_r.o
 .text.initr_reloc
                0x000000004a0133f0       0x18 common/board_r.o
 .text.run_main_loop
                0x000000004a013408       0x10 common/board_r.o
 .text.initr_env
                0x000000004a013418       0x74 common/board_r.o
 .text.initr_mmc
                0x000000004a01348c       0x28 common/board_r.o
 .text.initr_binman
                0x000000004a0134b4       0x38 common/board_r.o
 .text.initr_dm
                0x000000004a0134ec       0x14 common/board_r.o
 .text.initr_malloc
                0x000000004a013500       0x2c common/board_r.o
 .text.initr_reloc_global_data
                0x000000004a01352c       0x50 common/board_r.o
 .text.initr_caches
                0x000000004a01357c       0x18 common/board_r.o
 .text.arch_initr_trap
                0x000000004a013594        0x8 common/board_r.o
                0x000000004a013594                arch_initr_trap
 .text.initr_barrier
                0x000000004a01359c        0x8 common/board_r.o
 .text.initr_of_live
                0x000000004a0135a4        0x8 common/board_r.o
 .text.initr_dm_devices
                0x000000004a0135ac        0x8 common/board_r.o
 .text.initr_bootstage
                0x000000004a0135b4        0x8 common/board_r.o
 .text.power_init_board
                0x000000004a0135bc        0x8 common/board_r.o
                0x000000004a0135bc                power_init_board
 .text.initr_announce
                0x000000004a0135c4        0x8 common/board_r.o
 .text.board_init_r
                0x000000004a0135cc       0x70 common/board_r.o
                0x000000004a0135cc                board_init_r
 .text.checkboard
                0x000000004a01363c        0x8 common/board_info.o
                0x000000004a01363c                checkboard
 .text.show_board_info
                0x000000004a013644       0x3c common/board_info.o
                0x000000004a013644                show_board_info
 .text.bootm_find_images
                0x000000004a013680      0x190 common/bootm.o
                0x000000004a013680                bootm_find_images
 .text.bootm_disable_interrupts
                0x000000004a013810       0x28 common/bootm.o
                0x000000004a013810                bootm_disable_interrupts
 .text.do_bootm_states
                0x000000004a013838      0x818 common/bootm.o
                0x000000004a013838                do_bootm_states
 .text.copy_args
                0x000000004a014050       0x6c common/bootm_os.o
 .text.do_bootm_rtems
                0x000000004a0140bc       0x58 common/bootm_os.o
 .text.do_bootm_vxworks
                0x000000004a014114      0x1f8 common/bootm_os.o
                0x000000004a014114                do_bootm_vxworks
 .text.do_bootm_efi
                0x000000004a01430c       0xb4 common/bootm_os.o
 .text.do_bootm_plan9
                0x000000004a0143c0       0xb4 common/bootm_os.o
 .text.do_bootm_standalone
                0x000000004a014474       0x74 common/bootm_os.o
 .text.do_bootm_qnxelf
                0x000000004a0144e8       0x8c common/bootm_os.o
 .text.do_bootm_netbsd
                0x000000004a014574      0x118 common/bootm_os.o
 .text.arch_preboot_os
                0x000000004a01468c        0x4 common/bootm_os.o
                0x000000004a01468c                arch_preboot_os
 .text.board_preboot_os
                0x000000004a014690        0x4 common/bootm_os.o
                0x000000004a014690                board_preboot_os
 .text.boot_selected_os
                0x000000004a014694       0x74 common/bootm_os.o
                0x000000004a014694                boot_selected_os
 .text.bootm_os_get_boot_func
                0x000000004a014708       0x10 common/bootm_os.o
                0x000000004a014708                bootm_os_get_boot_func
 .text.of_bus_default_map
                0x000000004a014718       0xa8 common/fdt_support.o
 .text.fdt_pack_reg
                0x000000004a0147c0       0xd8 common/fdt_support.o
 .text.of_bus_default_translate
                0x000000004a014898       0xb8 common/fdt_support.o
 .text.fdt_support_default_count_cells
                0x000000004a014950       0x70 common/fdt_support.o
                0x000000004a014950                fdt_support_default_count_cells
 .text.__of_translate_address
                0x000000004a0149c0      0x270 common/fdt_support.o
 .text.fdt_find_and_setprop
                0x000000004a014c30       0x94 common/fdt_support.o
                0x000000004a014c30                fdt_find_and_setprop
 .text.fdt_find_or_add_subnode
                0x000000004a014cc4       0x74 common/fdt_support.o
                0x000000004a014cc4                fdt_find_or_add_subnode
 .text.fdt_root
                0x000000004a014d38       0x98 common/fdt_support.o
                0x000000004a014d38                fdt_root
 .text.fdt_initrd
                0x000000004a014dd0      0x1b4 common/fdt_support.o
                0x000000004a014dd0                fdt_initrd
 .text.board_fdt_chosen_bootargs
                0x000000004a014f84        0xc common/fdt_support.o
                0x000000004a014f84                board_fdt_chosen_bootargs
 .text.fdt_chosen
                0x000000004a014f90       0xb4 common/fdt_support.o
                0x000000004a014f90                fdt_chosen
 .text.do_fixup_by_path
                0x000000004a015044       0x4c common/fdt_support.o
                0x000000004a015044                do_fixup_by_path
 .text.fdt_fixup_memory_banks
                0x000000004a015090      0x188 common/fdt_support.o
                0x000000004a015090                fdt_fixup_memory_banks
 .text.fdt_fixup_memory
                0x000000004a015218       0x24 common/fdt_support.o
                0x000000004a015218                fdt_fixup_memory
 .text.fdt_fixup_ethernet
                0x000000004a01523c      0x1a8 common/fdt_support.o
                0x000000004a01523c                fdt_fixup_ethernet
 .text.fdt_shrink_to_minimum
                0x000000004a0153e4       0xdc common/fdt_support.o
                0x000000004a0153e4                fdt_shrink_to_minimum
 .text.fdt_translate_address
                0x000000004a0154c0        0xc common/fdt_support.o
                0x000000004a0154c0                fdt_translate_address
 .text.fdt_overlay_apply_verbose
                0x000000004a0154cc       0x80 common/fdt_support.o
                0x000000004a0154cc                fdt_overlay_apply_verbose
 .text.fdt_valid
                0x000000004a01554c       0xcc common/fdt_support.o
                0x000000004a01554c                fdt_valid
 .text.usb_set_maxpacket_ep
                0x000000004a015618       0x84 common/usb.o
 .text.usb_int_msg
                0x000000004a01569c        0x4 common/usb.o
                0x000000004a01569c                usb_int_msg
 .text.usb_control_msg
                0x000000004a0156a0       0xa0 common/usb.o
                0x000000004a0156a0                usb_control_msg
 .text.usb_get_descriptor
                0x000000004a015740       0x5c common/usb.o
 .text.get_descriptor_len
                0x000000004a01579c       0xa4 common/usb.o
 .text.usb_setup_descriptor
                0x000000004a015840       0xec common/usb.o
 .text.usb_get_string
                0x000000004a01592c       0xa4 common/usb.o
 .text.usb_string_sub
                0x000000004a0159d0      0x114 common/usb.o
 .text.usb_bulk_msg
                0x000000004a015ae4       0x80 common/usb.o
                0x000000004a015ae4                usb_bulk_msg
 .text.usb_maxpacket
                0x000000004a015b64       0x1c common/usb.o
                0x000000004a015b64                usb_maxpacket
 .text.usb_clear_halt
                0x000000004a015b80       0x9c common/usb.o
                0x000000004a015b80                usb_clear_halt
 .text.usb_get_configuration_len
                0x000000004a015c1c       0x78 common/usb.o
                0x000000004a015c1c                usb_get_configuration_len
 .text.usb_get_configuration_no
                0x000000004a015c94       0x40 common/usb.o
                0x000000004a015c94                usb_get_configuration_no
 .text.usb_set_interface
                0x000000004a015cd4       0xb0 common/usb.o
                0x000000004a015cd4                usb_set_interface
 .text.usb_set_protocol
                0x000000004a015d84       0x4c common/usb.o
                0x000000004a015d84                usb_set_protocol
 .text.usb_set_idle
                0x000000004a015dd0       0x4c common/usb.o
                0x000000004a015dd0                usb_set_idle
 .text.usb_get_report
                0x000000004a015e1c       0x5c common/usb.o
                0x000000004a015e1c                usb_get_report
 .text.usb_string
                0x000000004a015e78      0x118 common/usb.o
                0x000000004a015e78                usb_string
 .text.usb_select_config
                0x000000004a015f90      0x4b8 common/usb.o
                0x000000004a015f90                usb_select_config
 .text.usb_setup_device
                0x000000004a016448      0x114 common/usb.o
                0x000000004a016448                usb_setup_device
 .text.board_usb_init
                0x000000004a01655c        0x8 common/usb.o
                0x000000004a01655c                board_usb_init
 .text.board_usb_cleanup
                0x000000004a016564        0x8 common/usb.o
                0x000000004a016564                board_usb_cleanup
 .text.usb_device_has_child_on_port
                0x000000004a01656c        0x8 common/usb.o
                0x000000004a01656c                usb_device_has_child_on_port
 .text.usb_find_usb2_hub_address_port
                0x000000004a016574       0x90 common/usb.o
                0x000000004a016574                usb_find_usb2_hub_address_port
 .text.usb_set_port_feature
                0x000000004a016604       0x4c common/usb_hub.o
 .text.usb_clear_port_feature
                0x000000004a016650       0x4c common/usb_hub.o
 .text.usb_get_hub_descriptor
                0x000000004a01669c       0x64 common/usb_hub.o
 .text.usb_hub_reset_devices
                0x000000004a016700        0x4 common/usb_hub.o
                0x000000004a016700                usb_hub_reset_devices
 .text.usb_hub_is_root_hub
                0x000000004a016704       0x20 common/usb_hub.o
                0x000000004a016704                usb_hub_is_root_hub
 .text.usb_get_port_status
                0x000000004a016724       0xc8 common/usb_hub.o
                0x000000004a016724                usb_get_port_status
 .text.usb_hub_port_connect_change
                0x000000004a0167ec      0x180 common/usb_hub.o
                0x000000004a0167ec                usb_hub_port_connect_change
 .text.usb_hub_configure
                0x000000004a01696c      0x5a4 common/usb_hub.o
 .text.usb_hub_scan
                0x000000004a016f10       0x14 common/usb_hub.o
                0x000000004a016f10                usb_hub_scan
 .text.usb_hub_post_probe
                0x000000004a016f24        0x4 common/usb_hub.o
 .text.usb_stor_irq
                0x000000004a016f28       0x18 common/usb_storage.o
 .text.usb_stor_BBB_reset
                0x000000004a016f40       0xec common/usb_storage.o
 .text.usb_stor_CB_reset
                0x000000004a01702c       0xd4 common/usb_storage.o
 .text.usb_stor_BBB_clear_endpt_stall.isra.0
                0x000000004a017100       0x4c common/usb_storage.o
 .text.usb_stor_BBB_transport
                0x000000004a01714c      0x248 common/usb_storage.o
 .text.usb_stor_CB_comdat
                0x000000004a017394      0x1ec common/usb_storage.o
 .text.usb_stor_CBI_get_status.isra.0
                0x000000004a017580       0xd4 common/usb_storage.o
 .text.usb_stor_CB_transport
                0x000000004a017654      0x1f4 common/usb_storage.o
 .text.usb_request_sense.constprop.0
                0x000000004a017848       0x8c common/usb_storage.o
 .text.usb_stor_read
                0x000000004a0178d4      0x19c common/usb_storage.o
 .text.usb_stor_write
                0x000000004a017a70      0x19c common/usb_storage.o
 .text.usb_stor_info
                0x000000004a017c0c       0x88 common/usb_storage.o
                0x000000004a017c0c                usb_stor_info
 .text.usb_stor_reset
                0x000000004a017c94        0xc common/usb_storage.o
                0x000000004a017c94                usb_stor_reset
 .text.usb_stor_scan
                0x000000004a017ca0       0x4c common/usb_storage.o
                0x000000004a017ca0                usb_stor_scan
 .text.usb_storage_probe
                0x000000004a017cec      0x25c common/usb_storage.o
                0x000000004a017cec                usb_storage_probe
 .text.usb_stor_get_info
                0x000000004a017f48      0x2e4 common/usb_storage.o
                0x000000004a017f48                usb_stor_get_info
 .text.usb_mass_storage_probe
                0x000000004a01822c      0x18c common/usb_storage.o
 .text.menu_default_set
                0x000000004a0183b8       0x94 common/menu.o
                0x000000004a0183b8                menu_default_set
 .text.menu_get_choice
                0x000000004a01844c      0x1e0 common/menu.o
                0x000000004a01844c                menu_get_choice
 .text.menu_item_add
                0x000000004a01862c       0xf0 common/menu.o
                0x000000004a01862c                menu_item_add
 .text.menu_create
                0x000000004a01871c       0xac common/menu.o
                0x000000004a01871c                menu_create
 .text.menu_destroy
                0x000000004a0187c8       0x80 common/menu.o
                0x000000004a0187c8                menu_destroy
 .text.usb_kbd_put_queue
                0x000000004a018848       0x40 common/usb_kbd.o
 .text.usb_kbd_remove
                0x000000004a018888       0x80 common/usb_kbd.o
 .text.usb_kbd_translate.part.0
                0x000000004a018908      0x204 common/usb_kbd.o
 .text.usb_kbd_probe
                0x000000004a018b0c      0x208 common/usb_kbd.o
 .text.usb_kbd_irq_worker
                0x000000004a018d14      0x1bc common/usb_kbd.o
 .text.usb_kbd_testc
                0x000000004a018ed0       0x94 common/usb_kbd.o
 .text.usb_kbd_getc
                0x000000004a018f64       0xbc common/usb_kbd.o
 .text.usb_kbd_irq
                0x000000004a019020       0x20 common/usb_kbd.o
 .text.delete_char.part.0
                0x000000004a019040       0xfc common/cli_readline.o
 .text.cread_add_char
                0x000000004a01913c      0x100 common/cli_readline.o
 .text.cli_readline_into_buffer
                0x000000004a01923c      0x8d8 common/cli_readline.o
                0x000000004a01923c                cli_readline_into_buffer
 .text.cli_readline
                0x000000004a019b14       0x14 common/cli_readline.o
                0x000000004a019b14                cli_readline
 .text.cli_simple_process_macros
                0x000000004a019b28      0x214 common/cli_simple.o
                0x000000004a019b28                cli_simple_process_macros
 .text.pre_console_putc
                0x000000004a019d3c       0x1c common/console.o
 .text.console_puts_select.part.0
                0x000000004a019d58       0x18 common/console.o
 .text.fgetc.part.0
                0x000000004a019d70       0x40 common/console.o
 .text.getchar  0x000000004a019db0       0x24 common/console.o
                0x000000004a019db0                getchar
 .text.putc     0x000000004a019dd4       0x54 common/console.o
                0x000000004a019dd4                putc
 .text.puts     0x000000004a019e28       0x74 common/console.o
                0x000000004a019e28                puts
 .text.console_puts_select
                0x000000004a019e9c       0x88 common/console.o
                0x000000004a019e9c                console_puts_select
 .text.print_pre_console_buffer
                0x000000004a019f24       0x90 common/console.o
 .text.console_start
                0x000000004a019fb4       0x30 common/console.o
                0x000000004a019fb4                console_start
 .text.console_setfile
                0x000000004a019fe4       0xb4 common/console.o
 .text.ftstc    0x000000004a01a098       0x28 common/console.o
                0x000000004a01a098                ftstc
 .text.tstc     0x000000004a01a0c0       0x24 common/console.o
                0x000000004a01a0c0                tstc
 .text.fputs    0x000000004a01a0e4       0x10 common/console.o
                0x000000004a01a0e4                fputs
 .text.ctrlc    0x000000004a01a0f4       0x54 common/console.o
                0x000000004a01a0f4                ctrlc
 .text.disable_ctrlc
                0x000000004a01a148       0x14 common/console.o
                0x000000004a01a148                disable_ctrlc
 .text.had_ctrlc
                0x000000004a01a15c        0xc common/console.o
                0x000000004a01a15c                had_ctrlc
 .text.clear_ctrlc
                0x000000004a01a168        0xc common/console.o
                0x000000004a01a168                clear_ctrlc
 .text.console_search_dev
                0x000000004a01a174       0x34 common/console.o
                0x000000004a01a174                console_search_dev
 .text.console_assign
                0x000000004a01a1a8       0x58 common/console.o
                0x000000004a01a1a8                console_assign
 .text.on_console
                0x000000004a01a200       0xbc common/console.o
 .text.console_init_f
                0x000000004a01a2bc       0x2c common/console.o
                0x000000004a01a2bc                console_init_f
 .text.stdio_print_current_devices
                0x000000004a01a2e8       0xbc common/console.o
                0x000000004a01a2e8                stdio_print_current_devices
 .text.console_init_r
                0x000000004a01a3a4       0xec common/console.o
                0x000000004a01a3a4                console_init_r
 .text.sbrk     0x000000004a01a490       0x74 common/dlmalloc.o
                0x000000004a01a490                sbrk
 .text.mem_malloc_init
                0x000000004a01a504       0x20 common/dlmalloc.o
                0x000000004a01a504                mem_malloc_init
 .text.malloc_trim
                0x000000004a01a524       0xd8 common/dlmalloc.o
                0x000000004a01a524                malloc_trim
 .text.free     0x000000004a01a5fc      0x21c common/dlmalloc.o
                0x000000004a01a5fc                free
 .text.malloc   0x000000004a01a818      0x62c common/dlmalloc.o
                0x000000004a01a818                malloc
 .text.calloc   0x000000004a01ae44       0xb4 common/dlmalloc.o
                0x000000004a01ae44                calloc
 .text.realloc  0x000000004a01aef8      0x460 common/dlmalloc.o
                0x000000004a01aef8                realloc
 .text.memalign
                0x000000004a01b358      0x1b0 common/dlmalloc.o
                0x000000004a01b358                memalign
 .text.initf_malloc
                0x000000004a01b508       0x18 common/dlmalloc.o
                0x000000004a01b508                initf_malloc
 .text.alloc_simple
                0x000000004a01b520       0x6c common/malloc_simple.o
 .text.malloc_simple
                0x000000004a01b58c        0x8 common/malloc_simple.o
                0x000000004a01b58c                malloc_simple
 .text.memalign_simple
                0x000000004a01b594       0x10 common/malloc_simple.o
                0x000000004a01b594                memalign_simple
 .text.on_loadaddr
                0x000000004a01b5a4       0x38 common/image.o
 .text.image_check_hcrc
                0x000000004a01b5dc       0x50 common/image.o
                0x000000004a01b5dc                image_check_hcrc
 .text.image_check_dcrc
                0x000000004a01b62c       0x44 common/image.o
                0x000000004a01b62c                image_check_dcrc
 .text.image_multi_count
                0x000000004a01b670       0x20 common/image.o
                0x000000004a01b670                image_multi_count
 .text.image_multi_getimg
                0x000000004a01b690       0x84 common/image.o
                0x000000004a01b690                image_multi_getimg
 .text.image_decomp_type
                0x000000004a01b714       0x58 common/image.o
                0x000000004a01b714                image_decomp_type
 .text.env_get_bootm_low
                0x000000004a01b76c       0x30 common/image.o
                0x000000004a01b76c                env_get_bootm_low
 .text.env_get_bootm_size
                0x000000004a01b79c       0x88 common/image.o
                0x000000004a01b79c                env_get_bootm_size
 .text.env_get_bootm_mapsize
                0x000000004a01b824       0x30 common/image.o
                0x000000004a01b824                env_get_bootm_mapsize
 .text.memmove_wd
                0x000000004a01b854       0x10 common/image.o
                0x000000004a01b854                memmove_wd
 .text.genimg_print_size
                0x000000004a01b864       0x38 common/image.o
                0x000000004a01b864                genimg_print_size
 .text.get_table_entry
                0x000000004a01b89c       0x20 common/image.o
                0x000000004a01b89c                get_table_entry
 .text.get_table_entry_name
                0x000000004a01b8bc       0x28 common/image.o
                0x000000004a01b8bc                get_table_entry_name
 .text.genimg_get_os_name
                0x000000004a01b8e4       0x18 common/image.o
                0x000000004a01b8e4                genimg_get_os_name
 .text.genimg_get_arch_name
                0x000000004a01b8fc       0x18 common/image.o
                0x000000004a01b8fc                genimg_get_arch_name
 .text.genimg_get_type_name
                0x000000004a01b914       0x18 common/image.o
                0x000000004a01b914                genimg_get_type_name
 .text.image_decomp
                0x000000004a01b92c      0x174 common/image.o
                0x000000004a01b92c                image_decomp
 .text.genimg_get_comp_name
                0x000000004a01baa0       0x18 common/image.o
                0x000000004a01baa0                genimg_get_comp_name
 .text.image_print_contents
                0x000000004a01bab8      0x1c0 common/image.o
                0x000000004a01bab8                image_print_contents
 .text.get_table_entry_id
                0x000000004a01bc78       0x50 common/image.o
                0x000000004a01bc78                get_table_entry_id
 .text.genimg_get_os_id
                0x000000004a01bcc8       0x18 common/image.o
                0x000000004a01bcc8                genimg_get_os_id
 .text.genimg_get_arch_id
                0x000000004a01bce0       0x18 common/image.o
                0x000000004a01bce0                genimg_get_arch_id
 .text.genimg_get_type_id
                0x000000004a01bcf8       0x18 common/image.o
                0x000000004a01bcf8                genimg_get_type_id
 .text.genimg_get_comp_id
                0x000000004a01bd10       0x18 common/image.o
                0x000000004a01bd10                genimg_get_comp_id
 .text.genimg_get_kernel_addr_fit
                0x000000004a01bd28       0x74 common/image.o
                0x000000004a01bd28                genimg_get_kernel_addr_fit
 .text.genimg_get_kernel_addr
                0x000000004a01bd9c       0x20 common/image.o
                0x000000004a01bd9c                genimg_get_kernel_addr
 .text.genimg_get_format
                0x000000004a01bdbc       0x3c common/image.o
                0x000000004a01bdbc                genimg_get_format
 .text.genimg_has_config
                0x000000004a01bdf8       0x10 common/image.o
                0x000000004a01bdf8                genimg_has_config
 .text.boot_get_ramdisk
                0x000000004a01be08      0x314 common/image.o
                0x000000004a01be08                boot_get_ramdisk
 .text.boot_ramdisk_high
                0x000000004a01c11c      0x11c common/image.o
                0x000000004a01c11c                boot_ramdisk_high
 .text.boot_get_setup
                0x000000004a01c238        0x4 common/image.o
                0x000000004a01c238                boot_get_setup
 .text.boot_get_loadable
                0x000000004a01c23c      0x194 common/image.o
                0x000000004a01c23c                boot_get_loadable
 .text.image_setup_linux
                0x000000004a01c3d0       0x60 common/image.o
                0x000000004a01c3d0                image_setup_linux
 .text.hash_finish_crc32
                0x000000004a01c430       0x38 common/hash.o
 .text.hash_finish_crc16_ccitt
                0x000000004a01c468       0x38 common/hash.o
 .text.hash_update_crc32
                0x000000004a01c4a0       0x34 common/hash.o
 .text.hash_init_crc32
                0x000000004a01c4d4       0x30 common/hash.o
 .text.hash_init_crc16_ccitt
                0x000000004a01c504       0x30 common/hash.o
 .text.hash_update_crc16_ccitt
                0x000000004a01c534       0x34 common/hash.o
 .text.hash_finish_sha256
                0x000000004a01c568       0x48 common/hash.o
 .text.hash_update_sha256
                0x000000004a01c5b0       0x24 common/hash.o
 .text.hash_init_sha256
                0x000000004a01c5d4       0x34 common/hash.o
 .text.hash_finish_sha1
                0x000000004a01c608       0x48 common/hash.o
 .text.hash_update_sha1
                0x000000004a01c650       0x24 common/hash.o
 .text.hash_init_sha1
                0x000000004a01c674       0x34 common/hash.o
 .text.hash_lookup_algo
                0x000000004a01c6a8       0x74 common/hash.o
                0x000000004a01c6a8                hash_lookup_algo
 .text.hash_command
                0x000000004a01c71c      0x1d8 common/hash.o
                0x000000004a01c71c                hash_command
 .text.fdt_error
                0x000000004a01c8f4       0x38 common/image-fdt.o
 .text.boot_fdt_reserve_region
                0x000000004a01c92c       0x64 common/image-fdt.o
 .text.boot_fdt_add_mem_rsv_regions
                0x000000004a01c990      0x134 common/image-fdt.o
                0x000000004a01c990                boot_fdt_add_mem_rsv_regions
 .text.boot_relocate_fdt
                0x000000004a01cac4      0x1a4 common/image-fdt.o
                0x000000004a01cac4                boot_relocate_fdt
 .text.boot_get_fdt
                0x000000004a01cc68      0x378 common/image-fdt.o
                0x000000004a01cc68                boot_get_fdt
 .text.ft_verify_fdt
                0x000000004a01cfe0        0x8 common/image-fdt.o
                0x000000004a01cfe0                ft_verify_fdt
 .text.image_setup_libfdt
                0x000000004a01cfe8      0x16c common/image-fdt.o
                0x000000004a01cfe8                image_setup_libfdt
 .text.fit_image_get_address
                0x000000004a01d154       0x88 common/image-fit.o
 .text.fit_parse_conf
                0x000000004a01d1dc       0x74 common/image-fit.o
                0x000000004a01d1dc                fit_parse_conf
 .text.fit_parse_subimage
                0x000000004a01d250       0x74 common/image-fit.o
                0x000000004a01d250                fit_parse_subimage
 .text.fit_get_desc
                0x000000004a01d2c4       0x38 common/image-fit.o
                0x000000004a01d2c4                fit_get_desc
 .text.fit_image_get_node
                0x000000004a01d2fc       0x48 common/image-fit.o
                0x000000004a01d2fc                fit_image_get_node
 .text.fit_image_get_os
                0x000000004a01d344       0x4c common/image-fit.o
                0x000000004a01d344                fit_image_get_os
 .text.fit_image_get_arch
                0x000000004a01d390       0x4c common/image-fit.o
                0x000000004a01d390                fit_image_get_arch
 .text.fit_image_get_type
                0x000000004a01d3dc       0x4c common/image-fit.o
                0x000000004a01d3dc                fit_image_get_type
 .text.fit_image_get_comp
                0x000000004a01d428       0x4c common/image-fit.o
                0x000000004a01d428                fit_image_get_comp
 .text.fit_image_get_load
                0x000000004a01d474       0x10 common/image-fit.o
                0x000000004a01d474                fit_image_get_load
 .text.fit_image_get_entry
                0x000000004a01d484       0x10 common/image-fit.o
                0x000000004a01d484                fit_image_get_entry
 .text.fit_image_get_data
                0x000000004a01d494       0x50 common/image-fit.o
                0x000000004a01d494                fit_image_get_data
 .text.fit_image_get_data_offset
                0x000000004a01d4e4       0x48 common/image-fit.o
                0x000000004a01d4e4                fit_image_get_data_offset
 .text.fit_image_get_data_position
                0x000000004a01d52c       0x48 common/image-fit.o
                0x000000004a01d52c                fit_image_get_data_position
 .text.fit_image_get_data_size
                0x000000004a01d574       0x48 common/image-fit.o
                0x000000004a01d574                fit_image_get_data_size
 .text.fit_image_get_data_and_size
                0x000000004a01d5bc       0xac common/image-fit.o
                0x000000004a01d5bc                fit_image_get_data_and_size
 .text.fit_image_hash_get_algo
                0x000000004a01d668       0x38 common/image-fit.o
                0x000000004a01d668                fit_image_hash_get_algo
 .text.fit_image_hash_get_value
                0x000000004a01d6a0       0x50 common/image-fit.o
                0x000000004a01d6a0                fit_image_hash_get_value
 .text.fit_image_print_data
                0x000000004a01d6f0      0x190 common/image-fit.o
 .text.fit_image_print_verification_data
                0x000000004a01d880       0xbc common/image-fit.o
 .text.fit_image_print
                0x000000004a01d93c      0x2fc common/image-fit.o
                0x000000004a01d93c                fit_image_print
 .text.fit_print_contents
                0x000000004a01dc38      0x454 common/image-fit.o
                0x000000004a01dc38                fit_print_contents
 .text.fit_get_end
                0x000000004a01e08c       0x10 common/image-fit.o
                0x000000004a01e08c                fit_get_end
 .text.calculate_hash
                0x000000004a01e09c       0x74 common/image-fit.o
                0x000000004a01e09c                calculate_hash
 .text.fit_image_verify_with_data
                0x000000004a01e110      0x1f4 common/image-fit.o
                0x000000004a01e110                fit_image_verify_with_data
 .text.fit_image_verify
                0x000000004a01e304       0x80 common/image-fit.o
                0x000000004a01e304                fit_image_verify
 .text.fit_all_image_verify
                0x000000004a01e384      0x110 common/image-fit.o
                0x000000004a01e384                fit_all_image_verify
 .text.fit_image_check_os
                0x000000004a01e494       0x3c common/image-fit.o
                0x000000004a01e494                fit_image_check_os
 .text.fit_image_check_type
                0x000000004a01e4d0       0x3c common/image-fit.o
                0x000000004a01e4d0                fit_image_check_type
 .text.fit_image_check_comp
                0x000000004a01e50c       0x3c common/image-fit.o
                0x000000004a01e50c                fit_image_check_comp
 .text.fit_check_format
                0x000000004a01e548       0x98 common/image-fit.o
                0x000000004a01e548                fit_check_format
 .text.fit_conf_get_node
                0x000000004a01e5e0       0xdc common/image-fit.o
                0x000000004a01e5e0                fit_conf_get_node
 .text.fit_conf_get_prop_node_index
                0x000000004a01e6bc       0x3c common/image-fit.o
                0x000000004a01e6bc                fit_conf_get_prop_node_index
 .text.fit_conf_get_prop_node
                0x000000004a01e6f8        0x8 common/image-fit.o
                0x000000004a01e6f8                fit_conf_get_prop_node
 .text.fit_get_node_from_config
                0x000000004a01e700       0x54 common/image-fit.o
                0x000000004a01e700                fit_get_node_from_config
 .text.fit_image_load
                0x000000004a01e754      0x598 common/image-fit.o
                0x000000004a01e754                fit_image_load
 .text.boot_get_setup_fit
                0x000000004a01ecec       0x78 common/image-fit.o
                0x000000004a01ecec                boot_get_setup_fit
 .text.boot_get_fdt_fit
                0x000000004a01ed64      0x3a4 common/image-fit.o
                0x000000004a01ed64                boot_get_fdt_fit
 .text.get_ram_size
                0x000000004a01f108       0xf4 common/memsize.o
                0x000000004a01f108                get_ram_size
 .text.get_effective_memsize
                0x000000004a01f1fc        0x8 common/memsize.o
                0x000000004a01f1fc                get_effective_memsize
 .text.stdio_serial_tstc
                0x000000004a01f204        0x4 common/stdio.o
 .text.stdio_serial_getc
                0x000000004a01f208        0x4 common/stdio.o
 .text.stdio_serial_puts
                0x000000004a01f20c        0x8 common/stdio.o
 .text.stdio_serial_putc
                0x000000004a01f214        0x8 common/stdio.o
 .text.stdio_file_to_flags
                0x000000004a01f21c       0x24 common/stdio.o
                0x000000004a01f21c                stdio_file_to_flags
 .text.stdio_get_list
                0x000000004a01f240       0x10 common/stdio.o
                0x000000004a01f240                stdio_get_list
 .text.stdio_get_by_name
                0x000000004a01f250       0x6c common/stdio.o
                0x000000004a01f250                stdio_get_by_name
 .text.stdio_clone
                0x000000004a01f2bc       0x4c common/stdio.o
                0x000000004a01f2bc                stdio_clone
 .text.stdio_register_dev
                0x000000004a01f308       0x58 common/stdio.o
                0x000000004a01f308                stdio_register_dev
 .text.stdio_register
                0x000000004a01f360        0x8 common/stdio.o
                0x000000004a01f360                stdio_register
 .text.stdio_deregister_dev
                0x000000004a01f368      0x120 common/stdio.o
                0x000000004a01f368                stdio_deregister_dev
 .text.stdio_init_tables
                0x000000004a01f488       0x18 common/stdio.o
                0x000000004a01f488                stdio_init_tables
 .text.stdio_add_devices
                0x000000004a01f4a0       0xec common/stdio.o
                0x000000004a01f4a0                stdio_add_devices
 .text.run_command
                0x000000004a01f58c       0x14 common/cli.o
                0x000000004a01f58c                run_command
 .text.run_command_list
                0x000000004a01f5a0       0x90 common/cli.o
                0x000000004a01f5a0                run_command_list
 .text.do_run   0x000000004a01f630       0x88 common/cli.o
                0x000000004a01f630                do_run
 .text.cli_process_fdt
                0x000000004a01f6b8       0x50 common/cli.o
                0x000000004a01f6b8                cli_process_fdt
 .text.cli_secure_boot_cmd
                0x000000004a01f708       0x74 common/cli.o
                0x000000004a01f708                cli_secure_boot_cmd
 .text.cli_loop
                0x000000004a01f77c       0x10 common/cli.o
                0x000000004a01f77c                cli_loop
 .text.cli_init
                0x000000004a01f78c        0x4 common/cli.o
                0x000000004a01f78c                cli_init
 .text.find_cmd_tbl
                0x000000004a01f790       0xc0 common/command.o
                0x000000004a01f790                find_cmd_tbl
 .text.find_cmd
                0x000000004a01f850       0x30 common/command.o
                0x000000004a01f850                find_cmd
 .text.cmd_usage
                0x000000004a01f880       0x68 common/command.o
                0x000000004a01f880                cmd_usage
 .text._do_help
                0x000000004a01f8e8      0x188 common/command.o
                0x000000004a01f8e8                _do_help
 .text.var_complete
                0x000000004a01fa70       0x80 common/command.o
                0x000000004a01fa70                var_complete
 .text.complete_subcmdv
                0x000000004a01faf0      0x1b8 common/command.o
                0x000000004a01faf0                complete_subcmdv
 .text.cmd_auto_complete
                0x000000004a01fca8      0x3f0 common/command.o
                0x000000004a01fca8                cmd_auto_complete
 .text.cmd_get_data_size
                0x000000004a020098       0x6c common/command.o
                0x000000004a020098                cmd_get_data_size
 .text.cmd_always_repeatable
                0x000000004a020104       0x14 common/command.o
                0x000000004a020104                cmd_always_repeatable
 .text.cmd_never_repeatable
                0x000000004a020118       0x10 common/command.o
                0x000000004a020118                cmd_never_repeatable
 .text.cmd_process
                0x000000004a020128      0x164 common/command.o
                0x000000004a020128                cmd_process
 .text.cmd_process_error
                0x000000004a02028c       0x40 common/command.o
                0x000000004a02028c                cmd_process_error
 .text.hex1_bin
                0x000000004a0202cc       0x44 common/s_record.o
 .text.hex2_bin
                0x000000004a020310       0x40 common/s_record.o
 .text.srec_decode
                0x000000004a020350      0x214 common/s_record.o
                0x000000004a020350                srec_decode
 .text.CYGACC_COMM_IF_GETC_TIMEOUT.isra.0
                0x000000004a020564       0x54 common/xyzModem.o
 .text.xyzModem_flush
                0x000000004a0205b8       0x1c common/xyzModem.o
 .text.xyzModem_get_hdr
                0x000000004a0205d4      0x200 common/xyzModem.o
 .text.xyzModem_stream_open
                0x000000004a0207d4      0x238 common/xyzModem.o
                0x000000004a0207d4                xyzModem_stream_open
 .text.xyzModem_stream_read
                0x000000004a020a0c      0x254 common/xyzModem.o
                0x000000004a020a0c                xyzModem_stream_read
 .text.xyzModem_stream_close
                0x000000004a020c60       0x3c common/xyzModem.o
                0x000000004a020c60                xyzModem_stream_close
 .text.xyzModem_stream_terminate
                0x000000004a020c9c       0xa4 common/xyzModem.o
                0x000000004a020c9c                xyzModem_stream_terminate
 .text.xyzModem_error
                0x000000004a020d40       0x24 common/xyzModem.o
                0x000000004a020d40                xyzModem_error
 .text.part_driver_lookup_type
                0x000000004a020d64       0xa4 disk/part.o
 .text.blk_get_dev
                0x000000004a020e08       0x38 disk/part.o
                0x000000004a020e08                blk_get_dev
 .text.dev_print
                0x000000004a020e40      0x1e4 disk/part.o
                0x000000004a020e40                dev_print
 .text.part_init
                0x000000004a021024       0x88 disk/part.o
                0x000000004a021024                part_init
 .text.part_print
                0x000000004a0210ac      0x148 disk/part.o
                0x000000004a0210ac                part_print
 .text.part_get_info
                0x000000004a0211f4       0x6c disk/part.o
                0x000000004a0211f4                part_get_info
 .text.part_get_info_whole_disk
                0x000000004a021260       0x5c disk/part.o
                0x000000004a021260                part_get_info_whole_disk
 .text.blk_get_device_by_str
                0x000000004a0212bc      0x138 disk/part.o
                0x000000004a0212bc                blk_get_device_by_str
 .text.blk_get_device_part_str
                0x000000004a0213f4      0x378 disk/part.o
                0x000000004a0213f4                blk_get_device_part_str
 .text.part_get_info_by_name_type
                0x000000004a02176c       0x94 disk/part.o
                0x000000004a02176c                part_get_info_by_name_type
 .text.part_get_info_by_name
                0x000000004a021800        0x8 disk/part.o
                0x000000004a021800                part_get_info_by_name
 .text.part_get_info_by_dev_and_name_or_num
                0x000000004a021808       0xfc disk/part.o
                0x000000004a021808                part_get_info_by_dev_and_name_or_num
 .text.part_set_generic_name
                0x000000004a021904       0x48 disk/part.o
                0x000000004a021904                part_set_generic_name
 .text.test_block_type
                0x000000004a02194c       0xbc disk/part_dos.o
 .text.part_test_dos
                0x000000004a021a08       0x88 disk/part_dos.o
 .text.part_get_info_extended
                0x000000004a021a90      0x274 disk/part_dos.o
 .text.part_get_info_dos
                0x000000004a021d04       0x1c disk/part_dos.o
 .text.print_partition_extended
                0x000000004a021d20      0x230 disk/part_dos.o
 .text.part_print_dos
                0x000000004a021f50       0x3c disk/part_dos.o
 .text.iso_dread
                0x000000004a021f8c       0x48 disk/part_iso.o
                0x000000004a021f8c                iso_dread
 .text.part_get_info_iso_verb
                0x000000004a021fd4      0x374 disk/part_iso.o
                0x000000004a021fd4                part_get_info_iso_verb
 .text.part_test_iso
                0x000000004a022348       0x20 disk/part_iso.o
 .text.part_print_iso
                0x000000004a022368       0xa4 disk/part_iso.o
 .text.part_get_info_iso
                0x000000004a02240c        0x8 disk/part_iso.o
 .text.print_efiname
                0x000000004a022414       0x54 disk/part_efi.o
 .text.part_test_efi
                0x000000004a022468       0xb4 disk/part_efi.o
 .text.validate_gpt_entries
                0x000000004a02251c       0xa8 disk/part_efi.o
 .text.validate_gpt_header
                0x000000004a0225c4      0x230 disk/part_efi.o
 .text.is_gpt_valid
                0x000000004a0227f4      0x2d4 disk/part_efi.o
 .text.is_pte_valid
                0x000000004a022ac8       0x64 disk/part_efi.o
 .text.find_valid_gpt
                0x000000004a022b2c       0xcc disk/part_efi.o
 .text.part_print_efi
                0x000000004a022bf8      0x214 disk/part_efi.o
                0x000000004a022bf8                part_print_efi
 .text.part_get_info_efi
                0x000000004a022e0c      0x1e8 disk/part_efi.o
                0x000000004a022e0c                part_get_info_efi
 .text.get_disk_guid
                0x000000004a022ff4       0x84 disk/part_efi.o
                0x000000004a022ff4                get_disk_guid
 .text.write_gpt_table
                0x000000004a023078      0x4ec disk/part_efi.o
                0x000000004a023078                write_gpt_table
 .text.gpt_fill_pte
                0x000000004a023564      0x398 disk/part_efi.o
                0x000000004a023564                gpt_fill_pte
 .text.gpt_fill_header
                0x000000004a0238fc      0x254 disk/part_efi.o
                0x000000004a0238fc                gpt_fill_header
 .text.gpt_restore
                0x000000004a023b50      0x150 disk/part_efi.o
                0x000000004a023b50                gpt_restore
 .text.gpt_verify_headers
                0x000000004a023ca0       0xf8 disk/part_efi.o
                0x000000004a023ca0                gpt_verify_headers
 .text.gpt_verify_partitions
                0x000000004a023d98      0x1f4 disk/part_efi.o
                0x000000004a023d98                gpt_verify_partitions
 .text.clk_clean_rate_cache
                0x000000004a023f8c       0x5c drivers/clk/clk-uclass.o
 .text.clk_request
                0x000000004a023fe8       0x30 drivers/clk/clk-uclass.o
                0x000000004a023fe8                clk_request
 .text.clk_get_by_index_tail.isra.0.part.0
                0x000000004a024018       0x94 drivers/clk/clk-uclass.o
 .text.clk_get_by_index
                0x000000004a0240ac       0x54 drivers/clk/clk-uclass.o
                0x000000004a0240ac                clk_get_by_index
 .text.clk_get_by_name
                0x000000004a024100       0x54 drivers/clk/clk-uclass.o
                0x000000004a024100                clk_get_by_name
 .text.clk_get_by_indexed_prop.isra.0
                0x000000004a024154       0x50 drivers/clk/clk-uclass.o
 .text.clk_free
                0x000000004a0241a4       0x2c drivers/clk/clk-uclass.o
                0x000000004a0241a4                clk_free
 .text.clk_get_rate
                0x000000004a0241d0       0x50 drivers/clk/clk-uclass.o
                0x000000004a0241d0                clk_get_rate
 .text.clk_set_rate
                0x000000004a024220       0x7c drivers/clk/clk-uclass.o
                0x000000004a024220                clk_set_rate
 .text.clk_set_parent
                0x000000004a02429c       0x34 drivers/clk/clk-uclass.o
                0x000000004a02429c                clk_set_parent
 .text.clk_set_defaults
                0x000000004a0242d0      0x258 drivers/clk/clk-uclass.o
                0x000000004a0242d0                clk_set_defaults
 .text.clk_uclass_post_probe
                0x000000004a024528        0x8 drivers/clk/clk-uclass.o
                0x000000004a024528                clk_uclass_post_probe
 .text.clk_enable
                0x000000004a024530       0x34 drivers/clk/clk-uclass.o
                0x000000004a024530                clk_enable
 .text.clk_enable_bulk
                0x000000004a024564       0x60 drivers/clk/clk-uclass.o
                0x000000004a024564                clk_enable_bulk
 .text.clk_disable
                0x000000004a0245c4       0x34 drivers/clk/clk-uclass.o
                0x000000004a0245c4                clk_disable
 .text.clk_release_all
                0x000000004a0245f8       0x7c drivers/clk/clk-uclass.o
                0x000000004a0245f8                clk_release_all
 .text.clk_get_bulk
                0x000000004a024674       0xd0 drivers/clk/clk-uclass.o
                0x000000004a024674                clk_get_bulk
 .text.dummy_enable
                0x000000004a024744        0x8 drivers/clk/clk_fixed_rate.o
 .text.clk_fixed_rate_raw_get_rate
                0x000000004a02474c        0x8 drivers/clk/clk_fixed_rate.o
 .text.clk_fixed_rate_get_rate
                0x000000004a024754       0x1c drivers/clk/clk_fixed_rate.o
 .text.clk_fixed_rate_ofdata_to_plat_
                0x000000004a024770       0x50 drivers/clk/clk_fixed_rate.o
                0x000000004a024770                clk_fixed_rate_ofdata_to_plat_
 .text.clk_fixed_rate_of_to_plat
                0x000000004a0247c0       0x30 drivers/clk/clk_fixed_rate.o
 .text.clk_fixed_factor_get_rate
                0x000000004a0247f0       0x40 drivers/clk/clk_fixed_factor.o
 .text.clk_fixed_factor_of_to_plat